// Jest Snapshot v1, https://goo.gl/fbAQLP

exports[`should render BoardContainer component correctly 1`] = `
<div>
  <Board
    headerData={Array []}
    showHideHeaderContent={true}
    showHidePanelContent={
      Array [
        Array [
          true,
          null,
        ],
        Array [
          false,
          null,
        ],
      ]
    }
    toggleHeaderContent={[Function]}
    togglePanelContent={[Function]}
  />
</div>
`;
